// Vitest Snapshot v1, https://vitest.dev/guide/snapshot.html

exports[`TemplateReportService.generateTemplateReport > selects a stable template key (or ERR) for every type x outcome 1`] = `
{
  "BUILDER | Entry Restricted": "ERT",
  "BUILDER | NSP & Door Locked": "NSP_DOOR_LOCKED",
  "BUILDER | NSP & Door Open": "NSP_DOOR_OPEN",
  "BUILDER | Negative": "ERR",
  "BUILDER | Positive & Door Locked": "POSITIVE_DOOR_LOCKED",
  "BUILDER | Positive & Door Open": "POSITIVE_DOOR_OPEN",
  "BUILDER | Shifted & Door Locked": "SHIFTED_DOOR_LOCKED",
  "BUILDER | Shifted & Door Open": "SHIFTED_DOOR_OPEN",
  "BUILDER | Untraceable": "UNTRACEABLE",
  "BUSINESS | Entry Restricted": "ERT",
  "BUSINESS | NSP & Door Locked": "NSP_DOOR_LOCKED",
  "BUSINESS | NSP & Door Open": "NSP_DOOR_OPEN",
  "BUSINESS | Negative": "ERR",
  "BUSINESS | Positive & Door Locked": "POSITIVE_DOOR_LOCKED",
  "BUSINESS | Positive & Door Open": "POSITIVE_DOOR_OPEN",
  "BUSINESS | Shifted & Door Locked": "SHIFTED_DOOR_LOCKED",
  "BUSINESS | Shifted & Door Open": "SHIFTED_DOOR_OPEN",
  "BUSINESS | Untraceable": "UNTRACEABLE",
  "DSA_CONNECTOR | Entry Restricted": "ERT",
  "DSA_CONNECTOR | NSP & Door Locked": "NSP_DOOR_LOCKED",
  "DSA_CONNECTOR | NSP & Door Open": "NSP_DOOR_OPEN",
  "DSA_CONNECTOR | Negative": "ERR",
  "DSA_CONNECTOR | Positive & Door Locked": "POSITIVE_DOOR_LOCKED",
  "DSA_CONNECTOR | Positive & Door Open": "POSITIVE_DOOR_OPEN",
  "DSA_CONNECTOR | Shifted & Door Locked": "SHIFTED_DOOR_LOCKED",
  "DSA_CONNECTOR | Shifted & Door Open": "SHIFTED_DOOR_OPEN",
  "DSA_CONNECTOR | Untraceable": "UNTRACEABLE",
  "NOC | Entry Restricted": "ERT",
  "NOC | NSP & Door Locked": "NSP_DOOR_LOCKED",
  "NOC | NSP & Door Open": "NSP_DOOR_OPEN",
  "NOC | Negative": "ERR",
  "NOC | Positive & Door Locked": "POSITIVE_DOOR_LOCKED",
  "NOC | Positive & Door Open": "POSITIVE_DOOR_OPEN",
  "NOC | Shifted & Door Locked": "SHIFTED_DOOR_LOCKED",
  "NOC | Shifted & Door Open": "SHIFTED_DOOR_OPEN",
  "NOC | Untraceable": "UNTRACEABLE",
  "OFFICE | Entry Restricted": "ERT",
  "OFFICE | NSP & Door Locked": "NSP_DOOR_LOCKED",
  "OFFICE | NSP & Door Open": "NSP_DOOR_OPEN",
  "OFFICE | Negative": "ERR",
  "OFFICE | Positive & Door Locked": "POSITIVE_DOOR_LOCKED",
  "OFFICE | Positive & Door Open": "POSITIVE_DOOR_OPEN",
  "OFFICE | Shifted & Door Locked": "SHIFTED_DOOR_LOCKED",
  "OFFICE | Shifted & Door Open": "SHIFTED_DOOR_OPEN",
  "OFFICE | Untraceable": "UNTRACEABLE",
  "PROPERTY_APF | Entry Restricted": "ERT",
  "PROPERTY_APF | NSP & Door Locked": "POSITIVE",
  "PROPERTY_APF | NSP & Door Open": "POSITIVE",
  "PROPERTY_APF | Negative": "NEGATIVE_STOP",
  "PROPERTY_APF | Positive & Door Locked": "POSITIVE",
  "PROPERTY_APF | Positive & Door Open": "POSITIVE",
  "PROPERTY_APF | Shifted & Door Locked": "POSITIVE",
  "PROPERTY_APF | Shifted & Door Open": "POSITIVE",
  "PROPERTY_APF | Untraceable": "UNTRACEABLE",
  "PROPERTY_INDIVIDUAL | Entry Restricted": "ERT",
  "PROPERTY_INDIVIDUAL | NSP & Door Locked": "NSP_DOOR_LOCKED",
  "PROPERTY_INDIVIDUAL | NSP & Door Open": "NSP_DOOR_OPEN",
  "PROPERTY_INDIVIDUAL | Negative": "POSITIVE_DOOR_OPEN",
  "PROPERTY_INDIVIDUAL | Positive & Door Locked": "POSITIVE_DOOR_LOCKED",
  "PROPERTY_INDIVIDUAL | Positive & Door Open": "POSITIVE_DOOR_OPEN",
  "PROPERTY_INDIVIDUAL | Shifted & Door Locked": "POSITIVE_DOOR_OPEN",
  "PROPERTY_INDIVIDUAL | Shifted & Door Open": "POSITIVE_DOOR_OPEN",
  "PROPERTY_INDIVIDUAL | Untraceable": "UNTRACEABLE",
  "RESIDENCE | Entry Restricted": "ERT",
  "RESIDENCE | NSP & Door Locked": "NSP_DOOR_LOCKED",
  "RESIDENCE | NSP & Door Open": "NSP_DOOR_OPEN",
  "RESIDENCE | Negative": "ERR",
  "RESIDENCE | Positive & Door Locked": "POSITIVE_DOOR_LOCKED",
  "RESIDENCE | Positive & Door Open": "POSITIVE_DOOR_OPEN",
  "RESIDENCE | Shifted & Door Locked": "SHIFTED_DOOR_LOCKED",
  "RESIDENCE | Shifted & Door Open": "SHIFTED_DOOR_OPEN",
  "RESIDENCE | Untraceable": "UNTRACEABLE",
  "RESIDENCE_CUM_OFFICE | Entry Restricted": "ERT",
  "RESIDENCE_CUM_OFFICE | NSP & Door Locked": "NSP_DOOR_LOCKED",
  "RESIDENCE_CUM_OFFICE | NSP & Door Open": "NSP_DOOR_OPEN",
  "RESIDENCE_CUM_OFFICE | Negative": "ERR",
  "RESIDENCE_CUM_OFFICE | Positive & Door Locked": "POSITIVE_DOOR_LOCKED",
  "RESIDENCE_CUM_OFFICE | Positive & Door Open": "POSITIVE_DOOR_OPEN",
  "RESIDENCE_CUM_OFFICE | Shifted & Door Locked": "SHIFTED_DOOR_LOCKED",
  "RESIDENCE_CUM_OFFICE | Shifted & Door Open": "SHIFTED_DOOR_OPEN",
  "RESIDENCE_CUM_OFFICE | Untraceable": "UNTRACEABLE",
}
`;
